Microchip MPLAB XC8 Compiler V2.20

Linker command line:

-W-3 --edf=C:\Program Files\Microchip\xc8\v2.20\pic\dat\en_msgs.txt -cn \
  -h+dist/default/production\timers.X.production.sym \
  --cmf=dist/default/production\timers.X.production.cmf -z -Q18F4620 \
  -oC:\Users\hp\AppData\Local\Temp\se2o.2 \
  -Mdist/default/production/timers.X.production.map -E1 -ver=XC8 Compiler \
  -ASTACK=01E8h-0F7Fh -pstack=STACK -ACODE=00h-0FFFFh -ACONST=00h-0FFFFh \
  -ASMALLCONST=01000h-010FFhx240 -AMEDIUMCONST=01000h-0FFFFh \
  -ACOMRAM=01h-07Fh -AABS1=00h-0F7Fh -ABIGRAM=01h-0F7Fh \
  -ARAM=080h-0FFh,0100h-01FFhx14,0F00h-0F7Fh -ABANK0=080h-0FFh \
  -ABANK1=0100h-01FFh -ABANK2=0200h-02FFh -ABANK3=0300h-03FFh \
  -ABANK4=0400h-04FFh -ABANK5=0500h-05FFh -ABANK6=0600h-06FFh \
  -ABANK7=0700h-07FFh -ABANK8=0800h-08FFh -ABANK9=0900h-09FFh \
  -ABANK10=0A00h-0AFFh -ABANK11=0B00h-0BFFh -ABANK12=0C00h-0CFFh \
  -ABANK13=0D00h-0DFFh -ABANK14=0E00h-0EFFh -ABANK15=0F00h-0F7Fh \
  -ASFR=0F80h-0FFFh -ACONFIG=0300000h-030000Dh -AIDLOC=0200000h-0200007h \
  -preset_vec=00h,intcode=08h,intcodelo,powerup,init -pramtop=01000h \
  -psmallconst=SMALLCONST -pmediumconst=MEDIUMCONST -pconst=CONST \
  -AFARRAM=00h-00h -AEEDATA=0F00000h-0F003FFh -peeprom_data=EEDATA \
  -prdata=COMRAM,nvrram=COMRAM,nvbit=COMRAM,rbss=COMRAM,rbit=COMRAM \
  -pfarbss=FARRAM,fardata=FARRAM,nvFARRAM=FARRAM \
  -pintsave_regs=BIGRAM,bigbss=BIGRAM,bigdata=BIGRAM -pbss=RAM \
  -pidata=CODE,irdata=CODE,ibigdata=CODE,ifardata=CODE -prparam=COMRAM \
  C:\Users\hp\AppData\Local\Temp\se2o.obj \
  dist/default/production\timers.X.production.obj 

Object code version is 3.11

Machine type is 18F4620



                Name                               Link     Load   Length Selector   Space Scale
C:\Users\hp\AppData\Local\Temp\se2o.obj
                idloc                            200000   200000        8        0       5
                config                           300000   300000        E        0       4
                init                                  E        E        4        4       0
                reset_vec                             0        0        4        0       0
dist/default/production\timers.X.production.obj
                intcode                               8        8        6        4       0
                idloc                            200000   200000        8        0       5
                config                           300000   300000        E        0       4
                temp                                 5C       5C        1        1       1
                mediumconst                        FEE4     FEE4      11C     7F72       0
                text57                             2B10     2B10       1E        4       0
                text56                             1F48     1F48       AE        4       0
                text55                             1792     1792      1A8        4       0
                text54                             2680     2680       4A        4       0
                text53                             2B6A     2B6A        A     15B0       0
                text52                             1FF6     1FF6       8A        4       0
                text51                             21FC     21FC       74        4       0
                text50                             2824     2824       40        4       0
                intcode_body                       1DDC     1DDC       BE        4       0
                text48                             1E9A     1E9A       AE        4       0
                text47                             2AAC     2AAC       24        4       0
                text46                             2864     2864       3C        4       0
                text45                             2534     2534       5A        4       0
                text44                             2632     2632       4E        4       0
                text43                             2B74     2B74        8     15B0       0
                text42                             294E     294E       3A        4       0
                text41                             2A3E     2A3E       26        4       0
                text40                             29C0     29C0       2E        4       0
                text39                             2AD0     2AD0       22        4       0
                text38                             2914     2914       3A        4       0
                text37                             27E2     27E2       42        4       0
                text36                             258E     258E       56        4       0
                text35                             2A88     2A88       24        4       0
                text34                             2186     2186       76        4       0
                text33                             2A64     2A64       24        4       0
                text32                             15E8     15E8      1AA        4       0
                text31                             27A0     27A0       42        4       0
                text30                             1D06     1D06       D6        4       0
                text29                             2104     2104       82        4       0
                text28                             23BA     23BA       66        4       0
                text27                             247E     247E       5C        4       0
                text26                             2A18     2A18       26        4       0
                text25                             1B2C     1B2C       F4        4       0
                text24                             193A     193A       FE        4       0
                text23                             1A38     1A38       F4        4       0
                text22                             28DA     28DA       3A        4       0
                text21                             29EE     29EE       2A        4       0
                text20                             13F2     13F2      1F6        4       0
                text19                             2AF2     2AF2       1E        4       0
                text18                             2080     2080       84        4       0
                text17                             22E0     22E0       70        4       0
                text16                              B50      B50      376        4       0
                text15                               12       12      B3E        4       0
                text14                             119E     119E      254        4       0
                text13                             25E4     25E4       4E        4       0
                text12                             2420     2420       5E        4       0
                text11                             24DA     24DA       5A        4       0
                text10                             2B2E     2B2E       1A        4       0
                text9                              275A     275A       46        4       0
                text8                              2B48     2B48        C        4       0
                text7                              2712     2712       48        4       0
                text6                              2988     2988       38        4       0
                text5                              1C20     1C20       E6        4       0
                text4                              28A0     28A0       3A        4       0
                text3                              2350     2350       6A        4       0
                text2                              2B60     2B60        A     15B0       0
                text1                              26CA     26CA       48        4       0
                text0                               EC6      EC6      2D8        4       0
                cstackCOMRAM                          1        1       40        1       1
                cstackBANK0                          80       80       56       80       1
                cstackBANK1                         100      100       E0      100       1
                dataBANK1                           1E4      1E4        4      100       1
                bssBANK1                            1E0      1E0        4      100       1
                bssBANK0                             D6       D6       28       80       1
                dataCOMRAM                           51       51        B        1       1
                bssCOMRAM                            41       41       10        1       1
                cinit                              2270     2270       70        4       0
                idataBANK1                         2B7C     2B7C        4     15B0       0
                idataCOMRAM                        2B54     2B54        B        4       0

TOTAL           Name                               Link     Load   Length     Space
        CLASS   STACK          

        CLASS   CODE           
                intcode                               8        8        6         0
                init                                  E        E        4         0
                reset_vec                             0        0        4         0
                text57                             2B10     2B10       1E         0
                text56                             1F48     1F48       AE         0
                text55                             1792     1792      1A8         0
                text54                             2680     2680       4A         0
                text53                             2B6A     2B6A        A         0
                text52                             1FF6     1FF6       8A         0
                text51                             21FC     21FC       74         0
                text50                             2824     2824       40         0
                intcode_body                       1DDC     1DDC       BE         0
                text48                             1E9A     1E9A       AE         0
                text47                             2AAC     2AAC       24         0
                text46                             2864     2864       3C         0
                text45                             2534     2534       5A         0
                text44                             2632     2632       4E         0
                text43                             2B74     2B74        8         0
                text42                             294E     294E       3A         0
                text41                             2A3E     2A3E       26         0
                text40                             29C0     29C0       2E         0
                text39                             2AD0     2AD0       22         0
                text38                             2914     2914       3A         0
                text37                             27E2     27E2       42         0
                text36                             258E     258E       56         0
                text35                             2A88     2A88       24         0
                text34                             2186     2186       76         0
                text33                             2A64     2A64       24         0
                text32                             15E8     15E8      1AA         0
                text31                             27A0     27A0       42         0
                text30                             1D06     1D06       D6         0
                text29                             2104     2104       82         0
                text28                             23BA     23BA       66         0
                text27                             247E     247E       5C         0
                text26                             2A18     2A18       26         0
                text25                             1B2C     1B2C       F4         0
                text24                             193A     193A       FE         0
                text23                             1A38     1A38       F4         0
                text22                             28DA     28DA       3A         0
                text21                             29EE     29EE       2A         0
                text20                             13F2     13F2      1F6         0
                text19                             2AF2     2AF2       1E         0
                text18                             2080     2080       84         0
                text17                             22E0     22E0       70         0
                text16                              B50      B50      376         0
                text15                               12       12      B3E         0
                text14                             119E     119E      254         0
                text13                             25E4     25E4       4E         0
                text12                             2420     2420       5E         0
                text11                             24DA     24DA       5A         0
                text10                             2B2E     2B2E       1A         0
                text9                              275A     275A       46         0
                text8                              2B48     2B48        C         0
                text7                              2712     2712       48         0
                text6                              2988     2988       38         0
                text5                              1C20     1C20       E6         0
                text4                              28A0     28A0       3A         0
                text3                              2350     2350       6A         0
                text2                              2B60     2B60        A         0
                text1                              26CA     26CA       48         0
                text0                               EC6      EC6      2D8         0
                cinit                              2270     2270       70         0
                idataBANK1                         2B7C     2B7C        4         0
                idataCOMRAM                        2B54     2B54        B         0

        CLASS   CONST          

        CLASS   SMALLCONST     

        CLASS   MEDIUMCONST    
                mediumconst                        FEE4     FEE4      11C         0

        CLASS   COMRAM         
                temp                                 5C       5C        1         1
                cstackCOMRAM                          1        1       40         1
                dataCOMRAM                           51       51        B         1
                bssCOMRAM                            41       41       10         1

        CLASS   ABS1           

        CLASS   BIGRAM         

        CLASS   RAM            

        CLASS   BANK0          
                cstackBANK0                          80       80       56         1
                bssBANK0                             D6       D6       28         1

        CLASS   BANK1          
                cstackBANK1                         100      100       E0         1
                dataBANK1                           1E4      1E4        4         1
                bssBANK1                            1E0      1E0        4         1

        CLASS   BANK2          

        CLASS   BANK3          

        CLASS   BANK4          

        CLASS   BANK5          

        CLASS   BANK6          

        CLASS   BANK7          

        CLASS   BANK8          

        CLASS   BANK9          

        CLASS   BANK10         

        CLASS   BANK11         

        CLASS   BANK12         

        CLASS   BANK13         

        CLASS   BANK14         

        CLASS   BANK15         

        CLASS   SFR            

        CLASS   CONFIG         
                config                           300000   300000        E         4

        CLASS   IDLOC          
                idloc                            200000   200000        8         5

        CLASS   FARRAM         

        CLASS   EEDATA         



SEGMENTS        Name                           Load    Length   Top    Selector   Space  Class

                reset_vec                      000000  000004  000004         0       0  CODE    
                cstackCOMRAM                   000001  00005C  00005D         1       1  COMRAM  
                intcode                        000008  002B57  002B5F         4       0  CODE    
                cstackBANK0                    000080  00007E  0000FE        80       1  BANK0   
                cstackBANK1                    000100  0000E8  0001E8       100       1  BANK1   
                text2                          002B60  000020  002B80      15B0       0  CODE    
                mediumconst                    00FEE4  00011C  010000      7F72       0  MEDIUMCO


UNUSED ADDRESS RANGES

        Name                Unused          Largest block    Delta
        BANK0            0000FE-0000FF                2
        BANK1            0001E8-0001FF               18
        BANK10           000A00-000AFF              100
        BANK11           000B00-000BFF              100
        BANK12           000C00-000CFF              100
        BANK13           000D00-000DFF              100
        BANK14           000E00-000EFF              100
        BANK15           000F00-000F7F               80
        BANK2            000200-0002FF              100
        BANK3            000300-0003FF              100
        BANK4            000400-0004FF              100
        BANK5            000500-0005FF              100
        BANK6            000600-0006FF              100
        BANK7            000700-0007FF              100
        BANK8            000800-0008FF              100
        BANK9            000900-0009FF              100
        BIGRAM           00005D-00007F               23
                         0000FE-0000FF                2
                         0001E8-000F7F              D98
        CODE             000004-000007                4
                         002B5F-002B5F                1
                         002B80-00FEE3             D364
        COMRAM           00005D-00007F               23
        CONST            000004-000007                4
                         002B5F-002B5F                1
                         002B80-00FEE3             D364
        EEDATA           F00000-F003FF              400
        MEDIUMCONST      002B5F-002B5F                1
                         002B80-00FEE3             D364
        RAM              0000FE-0000FF                2
                         0001E8-000F7F              100
        SFR              000F80-000FFF               80
        SMALLCONST       002B5F-002B5F                1
                         002B80-00FEE3              100
        STACK            0001E8-000F7F              D98

                                  Symbol Table

?___awdiv                     cstackCOMRAM 00002A
?___awmod                     cstackCOMRAM 000024
?___awtoft                    cstackCOMRAM 00002C
?___ftadd                     cstackBANK0  00008B
?___ftdiv                     cstackCOMRAM 000030
?___ftmul                     cstackCOMRAM 000032
?___ftneg                     cstackCOMRAM 000024
?___ftpack                    cstackCOMRAM 000024
?___ftsub                     cstackBANK0  000097
?___fttol                     cstackBANK0  000087
?___lldiv                     cstackCOMRAM 000024
?___llmod                     cstackCOMRAM 000031
?___lltoft                    cstackCOMRAM 00002C
?___lwtoft                    cstackCOMRAM 00002C
?___wmul                      cstackCOMRAM 000024
?__div_to_l_                  cstackCOMRAM 000024
?__tdiv_to_l_                 cstackCOMRAM 000024
?_fround                      cstackBANK0  000080
?_read_adc_raw_no_lib         cstackCOMRAM 000024
?_read_adc_voltage            cstackBANK0  000080
?_scale                       cstackBANK0  000080
?_sprintf                     cstackBANK0  0000A6
?i2___ftadd                   cstackCOMRAM 000009
?i2___ftpack                  cstackCOMRAM 000001
?i2___ftsub                   cstackCOMRAM 000015
_ADCON0                       (abs)        000FC2
_ADCON0bits                   (abs)        000FC2
_ADCON1                       (abs)        000FC1
_ADCON2                       (abs)        000FC0
_ADRESH                       (abs)        000FC4
_ADRESL                       (abs)        000FC3
_Buffer                       bssBANK0     0000D6
_EXT_Int0_isr                 text57       002B10
_EXT_Int1_isr                 text54       002680
_HS                           dataCOMRAM   000055
_INTCON                       (abs)        000FF2
_INTCON2                      (abs)        000FF1
_INTCON2bits                  (abs)        000FF1
_INTCON3                      (abs)        000FF0
_INTCON3bits                  (abs)        000FF0
_INTCONbits                   (abs)        000FF2
_IPR1                         (abs)        000F9F
_IPR2                         (abs)        000FA2
_LCD_INIT_STRING              dataCOMRAM   000051
_PIE1                         (abs)        000F9D
_PIE2                         (abs)        000FA0
_PIR1                         (abs)        000F9E
_PIR2                         (abs)        000FA1
_PORTBbits                    (abs)        000F81
_PORTC                        (abs)        000F82
_PORTCbits                    (abs)        000F82
_PORTEbits                    (abs)        000F84
_RCONbits                     (abs)        000FD0
_RPS                          bssCOMRAM    00004D
_RPS_count                    bssCOMRAM    00004F
_T0CON                        (abs)        000FD5
_T0CONbits                    (abs)        000FD5
_TMR3H                        (abs)        000FB3
_TMR3L                        (abs)        000FB2
_TRISA                        (abs)        000F92
_TRISB                        (abs)        000F93
_TRISC                        (abs)        000F94
_TRISCbits                    (abs)        000F94
_TRISD                        (abs)        000F95
_TRISE                        (abs)        000F96
__HRAM                        (abs)        000000
__Habs1                       abs1         000000
__Hbank0                      bank0        000000
__Hbank1                      bank1        000000
__Hbank10                     bank10       000000
__Hbank11                     bank11       000000
__Hbank12                     bank12       000000
__Hbank13                     bank13       000000
__Hbank14                     bank14       000000
__Hbank15                     bank15       000000
__Hbank2                      bank2        000000
__Hbank3                      bank3        000000
__Hbank4                      bank4        000000
__Hbank5                      bank5        000000
__Hbank6                      bank6        000000
__Hbank7                      bank7        000000
__Hbank8                      bank8        000000
__Hbank9                      bank9        000000
__Hbigbss                     bigbss       000000
__Hbigdata                    bigdata      000000
__Hbigram                     bigram       000000
__Hbss                        bss          000000
__HbssBANK0                   bssBANK0     000000
__HbssBANK1                   bssBANK1     000000
__HbssCOMRAM                  bssCOMRAM    000000
__Hcinit                      cinit        000000
__Hclrtext                    clrtext      000000
__Hcomram                     comram       000000
__Hconfig                     config       30000E
__Hconst                      const        000000
__HcstackBANK0                cstackBANK0  000000
__HcstackBANK1                cstackBANK1  000000
__HcstackCOMRAM               cstackCOMRAM 000000
__Hdata                       data         000000
__HdataBANK1                  dataBANK1    000000
__HdataCOMRAM                 dataCOMRAM   000000
__Heeprom_data                eeprom_data  000000
__Hfarbss                     farbss       000000
__Hfardata                    fardata      000000
__Hibigdata                   ibigdata     000000
__Hidata                      idata        000000
__HidataBANK1                 idataBANK1   000000
__HidataCOMRAM                idataCOMRAM  000000
__Hidloc                      idloc        200008
__Hifardata                   ifardata     000000
__Hinit                       init         000012
__Hintcode                    intcode      00000E
__Hintcode_body               intcode_body 000000
__Hintcodelo                  intcodelo    00000E
__Hintentry                   intentry     000000
__Hintret                     intret       000000
__Hintsave_regs               intsave_regs 000000
__Hirdata                     irdata       000000
__Hmediumconst                mediumconst  010000
__HnvFARRAM                   nvFARRAM     000000
__Hnvbit                      nvbit        000000
__Hnvrram                     nvrram       000000
__Hparam                      rparam       000000
__Hpowerup                    powerup      00000E
__Hram                        ram          000000
__Hramtop                     ramtop       001000
__Hrbit                       rbit         000000
__Hrbss                       rbss         000000
__Hrdata                      rdata        000000
__Hreset_vec                  reset_vec    000004
__Hrparam                     rparam       000000
__Hsfr                        sfr          000000
__Hsmallconst                 smallconst   000000
__Hspace_0                    (abs)        010000
__Hspace_1                    (abs)        0001E8
__Hspace_2                    (abs)        000000
__Hspace_4                    (abs)        60000E
__Hstack                      stack        000000
__Hstruct                     struct       000000
__Htemp                       temp         00005D
__Htext                       text         000000
__Htext0                      text0        000000
__Htext1                      text1        000000
__Htext10                     text10       000000
__Htext11                     text11       000000
__Htext12                     text12       000000
__Htext13                     text13       000000
__Htext14                     text14       000000
__Htext15                     text15       000000
__Htext16                     text16       000000
__Htext17                     text17       000000
__Htext18                     text18       000000
__Htext19                     text19       000000
__Htext2                      text2        000000
__Htext20                     text20       000000
__Htext21                     text21       000000
__Htext22                     text22       000000
__Htext23                     text23       000000
__Htext24                     text24       000000
__Htext25                     text25       000000
__Htext26                     text26       000000
__Htext27                     text27       000000
__Htext28                     text28       000000
__Htext29                     text29       000000
__Htext3                      text3        000000
__Htext30                     text30       000000
__Htext31                     text31       000000
__Htext32                     text32       000000
__Htext33                     text33       000000
__Htext34                     text34       000000
__Htext35                     text35       000000
__Htext36                     text36       000000
__Htext37                     text37       000000
__Htext38                     text38       000000
__Htext39                     text39       000000
__Htext4                      text4        000000
__Htext40                     text40       000000
__Htext41                     text41       000000
__Htext42                     text42       000000
__Htext43                     text43       000000
__Htext44                     text44       000000
__Htext45                     text45       000000
__Htext46                     text46       000000
__Htext47                     text47       000000
__Htext48                     text48       000000
__Htext5                      text5        000000
__Htext50                     text50       000000
__Htext51                     text51       000000
__Htext52                     text52       000000
__Htext53                     text53       000000
__Htext54                     text54       000000
__Htext55                     text55       000000
__Htext56                     text56       000000
__Htext57                     text57       000000
__Htext6                      text6        000000
__Htext7                      text7        000000
__Htext8                      text8        000000
__Htext9                      text9        000000
__LRAM                        (abs)        000001
__Labs1                       abs1         000000
__Lbank0                      bank0        000000
__Lbank1                      bank1        000000
__Lbank10                     bank10       000000
__Lbank11                     bank11       000000
__Lbank12                     bank12       000000
__Lbank13                     bank13       000000
__Lbank14                     bank14       000000
__Lbank15                     bank15       000000
__Lbank2                      bank2        000000
__Lbank3                      bank3        000000
__Lbank4                      bank4        000000
__Lbank5                      bank5        000000
__Lbank6                      bank6        000000
__Lbank7                      bank7        000000
__Lbank8                      bank8        000000
__Lbank9                      bank9        000000
__Lbigbss                     bigbss       000000
__Lbigdata                    bigdata      000000
__Lbigram                     bigram       000000
__Lbss                        bss          000000
__LbssBANK0                   bssBANK0     000000
__LbssBANK1                   bssBANK1     000000
__LbssCOMRAM                  bssCOMRAM    000000
__Lcinit                      cinit        000000
__Lclrtext                    clrtext      000000
__Lcomram                     comram       000000
__Lconfig                     config       000000
__Lconst                      const        000000
__LcstackBANK0                cstackBANK0  000000
__LcstackBANK1                cstackBANK1  000000
__LcstackCOMRAM               cstackCOMRAM 000000
__Ldata                       data         000000
__LdataBANK1                  dataBANK1    000000
__LdataCOMRAM                 dataCOMRAM   000000
__Leeprom_data                eeprom_data  000000
__Lfarbss                     farbss       000000
__Lfardata                    fardata      000000
__Libigdata                   ibigdata     000000
__Lidata                      idata        000000
__LidataBANK1                 idataBANK1   000000
__LidataCOMRAM                idataCOMRAM  000000
__Lidloc                      idloc        000000
__Lifardata                   ifardata     000000
__Linit                       init         00000E
__Lintcode                    intcode      000008
__Lintcode_body               intcode_body 000000
__Lintcodelo                  intcodelo    00000E
__Lintentry                   intentry     000000
__Lintret                     intret       000000
__Lintsave_regs               intsave_regs 000000
__Lirdata                     irdata       000000
__Lmediumconst                mediumconst  00FEE4
__LnvFARRAM                   nvFARRAM     000000
__Lnvbit                      nvbit        000000
__Lnvrram                     nvrram       000000
__Lparam                      rparam       000000
__Lpowerup                    powerup      00000E
__Lram                        ram          000000
__Lramtop                     ramtop       001000
__Lrbit                       rbit         000000
__Lrbss                       rbss         000000
__Lrdata                      rdata        000000
__Lreset_vec                  reset_vec    000000
__Lrparam                     rparam       000000
__Lsfr                        sfr          000000
__Lsmallconst                 smallconst   000000
__Lspace_0                    (abs)        000000
__Lspace_1                    (abs)        000000
__Lspace_2                    (abs)        000000
__Lspace_4                    (abs)        000000
__Lstack                      stack        000000
__Lstruct                     struct       000000
__Ltemp                       temp         00005C
__Ltext                       text         000000
__Ltext0                      text0        000000
__Ltext1                      text1        000000
__Ltext10                     text10       000000
__Ltext11                     text11       000000
__Ltext12                     text12       000000
__Ltext13                     text13       000000
__Ltext14                     text14       000000
__Ltext15                     text15       000000
__Ltext16                     text16       000000
__Ltext17                     text17       000000
__Ltext18                     text18       000000
__Ltext19                     text19       000000
__Ltext2                      text2        000000
__Ltext20                     text20       000000
__Ltext21                     text21       000000
__Ltext22                     text22       000000
__Ltext23                     text23       000000
__Ltext24                     text24       000000
__Ltext25                     text25       000000
__Ltext26                     text26       000000
__Ltext27                     text27       000000
__Ltext28                     text28       000000
__Ltext29                     text29       000000
__Ltext3                      text3        000000
__Ltext30                     text30       000000
__Ltext31                     text31       000000
__Ltext32                     text32       000000
__Ltext33                     text33       000000
__Ltext34                     text34       000000
__Ltext35                     text35       000000
__Ltext36                     text36       000000
__Ltext37                     text37       000000
__Ltext38                     text38       000000
__Ltext39                     text39       000000
__Ltext4                      text4        000000
__Ltext40                     text40       000000
__Ltext41                     text41       000000
__Ltext42                     text42       000000
__Ltext43                     text43       000000
__Ltext44                     text44       000000
__Ltext45                     text45       000000
__Ltext46                     text46       000000
__Ltext47                     text47       000000
__Ltext48                     text48       000000
__Ltext5                      text5        000000
__Ltext50                     text50       000000
__Ltext51                     text51       000000
__Ltext52                     text52       000000
__Ltext53                     text53       000000
__Ltext54                     text54       000000
__Ltext55                     text55       000000
__Ltext56                     text56       000000
__Ltext57                     text57       000000
__Ltext6                      text6        000000
__Ltext7                      text7        000000
__Ltext8                      text8        000000
__Ltext9                      text9        000000
__S0                          (abs)        010000
__S1                          (abs)        0001E8
__S2                          (abs)        000000
__S4                          (abs)        000000
__S5                          (abs)        000000
___awdiv                      text18       002080
___awdiv@counter              cstackCOMRAM 00002E
___awdiv@dividend             cstackCOMRAM 00002A
___awdiv@divisor              cstackCOMRAM 00002C
___awdiv@quotient             cstackCOMRAM 000030
___awdiv@sign                 cstackCOMRAM 00002F
___awmod                      text17       0022E0
___awmod@counter              cstackCOMRAM 000028
___awmod@dividend             cstackCOMRAM 000024
___awmod@divisor              cstackCOMRAM 000026
___awmod@sign                 cstackCOMRAM 000029
___awtoft                     text6        002988
___awtoft@c                   cstackCOMRAM 00002C
___awtoft@sign                cstackCOMRAM 00002F
___ftadd                      text32       0015E8
___ftadd@exp1                 cstackBANK0  000096
___ftadd@exp2                 cstackBANK0  000095
___ftadd@f1                   cstackBANK0  00008B
___ftadd@f2                   cstackBANK0  00008E
___ftadd@sign                 cstackBANK0  000094
___ftdiv                      text5        001C20
___ftdiv@cntr                 cstackCOMRAM 000039
___ftdiv@exp                  cstackCOMRAM 00003D
___ftdiv@f1                   cstackCOMRAM 000030
___ftdiv@f2                   cstackCOMRAM 000033
___ftdiv@f3                   cstackCOMRAM 00003A
___ftdiv@sign                 cstackCOMRAM 00003E
___ftge                       text34       002186
___ftge@ff1                   cstackBANK0  00009D
___ftge@ff2                   cstackBANK0  0000A0
___ftmul                      text23       001A38
___ftmul@cntr                 cstackCOMRAM 00003F
___ftmul@exp                  cstackCOMRAM 00003B
___ftmul@f1                   cstackCOMRAM 000032
___ftmul@f2                   cstackCOMRAM 000035
___ftmul@f3_as_product        cstackCOMRAM 00003C
___ftmul@sign                 cstackCOMRAM 000040
___ftneg                      text33       002A64
___ftneg@f1                   cstackCOMRAM 000024
___ftpack                     text48       001E9A
___ftpack@arg                 cstackCOMRAM 000024
___ftpack@exp                 cstackCOMRAM 000027
___ftpack@sign                cstackCOMRAM 000028
___ftsub                      text31       0027A0
___ftsub@f1                   cstackBANK0  000097
___ftsub@f2                   cstackBANK0  00009A
___fttol                      text30       001D06
___fttol@exp1                 cstackBANK0  000095
___fttol@f1                   cstackBANK0  000087
___fttol@lval                 cstackBANK0  000091
___fttol@sign1                cstackBANK0  000090
___inthi_sp                   stack        000000
___intlo_sp                   stack        000000
___lbdiv                      text22       0028DA
___lbdiv@counter              cstackCOMRAM 00002A
___lbdiv@dividend             cstackCOMRAM 000029
___lbdiv@divisor              cstackCOMRAM 000028
___lbdiv@quotient             cstackCOMRAM 00002B
___lbmod                      text21       0029EE
___lbmod@counter              cstackCOMRAM 000026
___lbmod@dividend             cstackCOMRAM 000025
___lbmod@divisor              cstackCOMRAM 000024
___lbmod@rem                  cstackCOMRAM 000027
___lldiv                      text29       002104
___lldiv@counter              cstackCOMRAM 000030
___lldiv@dividend             cstackCOMRAM 000024
___lldiv@divisor              cstackCOMRAM 000028
___lldiv@quotient             cstackCOMRAM 00002C
___llmod                      text28       0023BA
___llmod@counter              cstackCOMRAM 000039
___llmod@dividend             cstackCOMRAM 000031
___llmod@divisor              cstackCOMRAM 000035
___lltoft                     text27       00247E
___lltoft@c                   cstackCOMRAM 00002C
___lltoft@exp                 cstackCOMRAM 000034
___lwtoft                     text47       002AAC
___lwtoft@c                   cstackCOMRAM 00002C
___param_bank                 (abs)        000000
___rparam_used                (abs)        000001
___sp                         stack        000000
___wmul                       text26       002A18
___wmul@multiplicand          cstackCOMRAM 000026
___wmul@multiplier            cstackCOMRAM 000024
___wmul@product               cstackCOMRAM 000028
__accesstop                   (abs)        000080
__activetblptr                (abs)        000002
__div_to_l_                   text25       001B2C
__div_to_l_@cntr              cstackCOMRAM 00002E
__div_to_l_@exp1              cstackCOMRAM 00002F
__div_to_l_@f1                cstackCOMRAM 000024
__div_to_l_@f2                cstackCOMRAM 000027
__div_to_l_@quot              cstackCOMRAM 00002A
__end_of_EXT_Int0_isr         text57       002B2E
__end_of_EXT_Int1_isr         text54       0026CA
__end_of___awdiv              text18       002104
__end_of___awmod              text17       002350
__end_of___awtoft             text6        0029C0
__end_of___ftadd              text32       001792
__end_of___ftdiv              text5        001D06
__end_of___ftge               text34       0021FC
__end_of___ftmul              text23       001B2C
__end_of___ftneg              text33       002A88
__end_of___ftpack             text48       001F48
__end_of___ftsub              text31       0027E2
__end_of___fttol              text30       001DDC
__end_of___lbdiv              text22       002914
__end_of___lbmod              text21       002A18
__end_of___lldiv              text29       002186
__end_of___llmod              text28       002420
__end_of___lltoft             text27       0024DA
__end_of___lwtoft             text47       002AD0
__end_of___wmul               text26       002A3E
__end_of__div_to_l_           text25       001C20
__end_of__initialization      cinit        0022D2
__end_of__npowers_            mediumconst  00FF33
__end_of__powers_             mediumconst  00FF0C
__end_of__tdiv_to_l_          text24       001A38
__end_of_clockNormalMode      text52       002080
__end_of_decrement10MinClock  text46       0028A0
__end_of_decrement10SClock    text45       00258E
__end_of_decrementClock       text44       002680
__end_of_decrementHourClock   text43       002B7C
__end_of_decrementMinClock    text42       002988
__end_of_delay_cycles         text40       0029EE
__end_of_delay_ms             text41       002A64
__end_of_display              text14       0013F2
__end_of_dpowers              mediumconst  00FF5B
__end_of_fround               text20       0015E8
__end_of_highIsr              intcode_body 001E9A
__end_of_increment10MinClock  text13       002632
__end_of_increment10SClock    text12       00247E
__end_of_incrementClock       text11       002534
__end_of_incrementHourClock   text10       002B48
__end_of_incrementMinClock    text9        0027A0
__end_of_init_adc_no_lib      text8        002B54
__end_of_isdigit              text19       002B10
__end_of_lcd_gotoxy           text37       002824
__end_of_lcd_init             text7        00275A
__end_of_lcd_putc             text36       0025E4
__end_of_lcd_puts             text35       002AAC
__end_of_lcd_send_byte        text38       00294E
__end_of_lcd_send_nibble      text39       002AF2
__end_of_main                 text0        00119E
__end_of_read_adc_raw_no_lib  text4        0028DA
__end_of_read_adc_voltage     text3        0023BA
__end_of_reloadTimer0         text2        002B6A
__end_of_scale                text16       000EC6
__end_of_setupPorts           text1        002712
__end_of_sprintf              text15       000B50
__end_ofi2___ftadd            text55       00193A
__end_ofi2___ftge             text51       002270
__end_ofi2___ftpack           text56       001FF6
__end_ofi2___ftsub            text50       002864
__end_ofi2_reloadTimer0       text53       002B74
__initialization              cinit        002270
__mediumconst                 mediumconst  00FEE4
__npowers_                    mediumconst  00FF0C
__pbssBANK0                   bssBANK0     0000D6
__pbssBANK1                   bssBANK1     0001E0
__pbssCOMRAM                  bssCOMRAM    000041
__pcinit                      cinit        002270
__pcstackBANK0                cstackBANK0  000080
__pcstackBANK1                cstackBANK1  000100
__pcstackCOMRAM               cstackCOMRAM 000001
__pdataBANK1                  dataBANK1    0001E4
__pdataCOMRAM                 dataCOMRAM   000051
__pidataBANK1                 idataBANK1   002B7C
__pidataCOMRAM                idataCOMRAM  002B54
__pintcode                    intcode      000008
__pintcode_body               intcode_body 001DDC
__pmediumconst                mediumconst  00FEE4
__powers_                     mediumconst  00FEE5
__ptext0                      text0        000EC6
__ptext1                      text1        0026CA
__ptext10                     text10       002B2E
__ptext11                     text11       0024DA
__ptext12                     text12       002420
__ptext13                     text13       0025E4
__ptext14                     text14       00119E
__ptext15                     text15       000012
__ptext16                     text16       000B50
__ptext17                     text17       0022E0
__ptext18                     text18       002080
__ptext19                     text19       002AF2
__ptext2                      text2        002B60
__ptext20                     text20       0013F2
__ptext21                     text21       0029EE
__ptext22                     text22       0028DA
__ptext23                     text23       001A38
__ptext24                     text24       00193A
__ptext25                     text25       001B2C
__ptext26                     text26       002A18
__ptext27                     text27       00247E
__ptext28                     text28       0023BA
__ptext29                     text29       002104
__ptext3                      text3        002350
__ptext30                     text30       001D06
__ptext31                     text31       0027A0
__ptext32                     text32       0015E8
__ptext33                     text33       002A64
__ptext34                     text34       002186
__ptext35                     text35       002A88
__ptext36                     text36       00258E
__ptext37                     text37       0027E2
__ptext38                     text38       002914
__ptext39                     text39       002AD0
__ptext4                      text4        0028A0
__ptext40                     text40       0029C0
__ptext41                     text41       002A3E
__ptext42                     text42       00294E
__ptext43                     text43       002B74
__ptext44                     text44       002632
__ptext45                     text45       002534
__ptext46                     text46       002864
__ptext47                     text47       002AAC
__ptext48                     text48       001E9A
__ptext5                      text5        001C20
__ptext50                     text50       002824
__ptext51                     text51       0021FC
__ptext52                     text52       001FF6
__ptext53                     text53       002B6A
__ptext54                     text54       002680
__ptext55                     text55       001792
__ptext56                     text56       001F48
__ptext57                     text57       002B10
__ptext6                      text6        002988
__ptext7                      text7        002712
__ptext8                      text8        002B48
__ptext9                      text9        00275A
__ramtop                      ramtop       001000
__size_of_EXT_Int0_isr        (abs)        000000
__size_of_EXT_Int1_isr        (abs)        000000
__size_of___awdiv             (abs)        000000
__size_of___awmod             (abs)        000000
__size_of___awtoft            (abs)        000000
__size_of___ftadd             (abs)        000000
__size_of___ftdiv             (abs)        000000
__size_of___ftge              (abs)        000000
__size_of___ftmul             (abs)        000000
__size_of___ftneg             (abs)        000000
__size_of___ftpack            (abs)        000000
__size_of___ftsub             (abs)        000000
__size_of___fttol             (abs)        000000
__size_of___lbdiv             (abs)        000000
__size_of___lbmod             (abs)        000000
__size_of___lldiv             (abs)        000000
__size_of___llmod             (abs)        000000
__size_of___lltoft            (abs)        000000
__size_of___lwtoft            (abs)        000000
__size_of___wmul              (abs)        000000
__size_of__div_to_l_          (abs)        000000
__size_of__tdiv_to_l_         (abs)        000000
__size_of_clockNormalMode     (abs)        000000
__size_of_decrement10MinClock (abs)        000000
__size_of_decrement10SClock   (abs)        000000
__size_of_decrementClock      (abs)        000000
__size_of_decrementHourClock  (abs)        000000
__size_of_decrementMinClock   (abs)        000000
__size_of_delay_cycles        (abs)        000000
__size_of_delay_ms            (abs)        000000
__size_of_display             (abs)        000000
__size_of_fround              (abs)        000000
__size_of_highIsr             (abs)        000000
__size_of_increment10MinClock (abs)        000000
__size_of_increment10SClock   (abs)        000000
__size_of_incrementClock      (abs)        000000
__size_of_incrementHourClock  (abs)        000000
__size_of_incrementMinClock   (abs)        000000
__size_of_init_adc_no_lib     (abs)        000000
__size_of_isdigit             (abs)        000000
__size_of_lcd_gotoxy          (abs)        000000
__size_of_lcd_init            (abs)        000000
__size_of_lcd_putc            (abs)        000000
__size_of_lcd_puts            (abs)        000000
__size_of_lcd_send_byte       (abs)        000000
__size_of_lcd_send_nibble     (abs)        000000
__size_of_main                (abs)        000000
__size_of_read_adc_raw_no_lib (abs)        000000
__size_of_read_adc_voltage    (abs)        000000
__size_of_reloadTimer0        (abs)        000000
__size_of_scale               (abs)        000000
__size_of_setupPorts          (abs)        000000
__size_of_sprintf             (abs)        000000
__size_ofi2___ftadd           (abs)        000000
__size_ofi2___ftge            (abs)        000000
__size_ofi2___ftpack          (abs)        000000
__size_ofi2___ftsub           (abs)        000000
__size_ofi2_reloadTimer0      (abs)        000000
__smallconst                  smallconst   000000
__tdiv_to_l_                  text24       00193A
__tdiv_to_l_@cntr             cstackCOMRAM 000031
__tdiv_to_l_@exp1             cstackCOMRAM 000032
__tdiv_to_l_@f1               cstackCOMRAM 000024
__tdiv_to_l_@f2               cstackCOMRAM 000027
__tdiv_to_l_@quot             cstackCOMRAM 00002D
_clkMode                      dataCOMRAM   00005A
_clockNormalMode              text52       001FF6
_count                        dataCOMRAM   000058
_decrement10MinClock          text46       002864
_decrement10SClock            text45       002534
_decrementClock               text44       002632
_decrementHourClock           text43       002B74
_decrementMinClock            text42       00294E
_delay_cycles                 text40       0029C0
_delay_ms                     text41       002A3E
_display                      text14       00119E
_dpowers                      mediumconst  00FF33
_flageBuzz                    bssBANK0     0000FC
_fround                       text20       0013F2
_fround$1842                  cstackBANK0  000087
_fround$1843                  cstackBANK0  000084
_ft                           bssCOMRAM    00004B
_highIsr                      intcode      000008
_hours                        dataBANK1    0001E4
_increment10MinClock          text13       0025E4
_increment10SClock            text12       002420
_incrementClock               text11       0024DA
_incrementHourClock           text10       002B2E
_incrementMinClock            text9        00275A
_init_adc_no_lib              text8        002B48
_initial                      bssCOMRAM    000047
_isdigit                      text19       002AF2
_isdigit$1593                 cstackCOMRAM 000025
_lcd                          (abs)        000F83
_lcd_gotoxy                   text37       0027E2
_lcd_init                     text7        002712
_lcd_putc                     text36       00258E
_lcd_puts                     text35       002A88
_lcd_send_byte                text38       002914
_lcd_send_nibble              text39       002AD0
_main                         text0        000EC6
_minutes                      bssBANK1     0001E0
_mode                         bssBANK1     0001E2
_read_adc_raw_no_lib          text4        0028A0
_read_adc_voltage             text3        002350
_reloadTimer0                 text2        002B60
_scale                        text16       000B50
_scale$1844                   cstackBANK0  000083
_seconds                      dataBANK1    0001E6
_setupPorts                   text1        0026CA
_sp                           bssCOMRAM    000041
_spf                          bssBANK0     0000F6
_sprintf                      text15       000012
_sprintf$1845                 cstackBANK0  0000B6
_stpMode                      bssCOMRAM    000049
_temp                         bssCOMRAM    000044
_tempf                        bssBANK0     0000F9
btemp                         temp         00005C
delay_cycles@n                cstackCOMRAM 000027
delay_cycles@x                cstackCOMRAM 000028
delay_ms@i                    cstackCOMRAM 000026
delay_ms@n                    cstackCOMRAM 000024
display@Buffer                cstackBANK1  000180
display@Buffer1               cstackBANK1  0001A0
display@Buffer2               cstackBANK1  0001C0
display@LCD                   cstackBANK1  000100
display@LCDP                  cstackBANK1  000140
end_of_initialization         cinit        0022D2
fround@prec                   cstackBANK0  00008A
i2___ftadd                    text55       001792
i2___ftadd@exp1               cstackCOMRAM 000014
i2___ftadd@exp2               cstackCOMRAM 000013
i2___ftadd@f1                 cstackCOMRAM 000009
i2___ftadd@f2                 cstackCOMRAM 00000C
i2___ftadd@sign               cstackCOMRAM 000012
i2___ftge                     text51       0021FC
i2___ftge@ff1                 cstackCOMRAM 00001B
i2___ftge@ff2                 cstackCOMRAM 00001E
i2___ftpack                   text56       001F48
i2___ftpack@arg               cstackCOMRAM 000001
i2___ftpack@exp               cstackCOMRAM 000004
i2___ftpack@sign              cstackCOMRAM 000005
i2___ftsub                    text50       002824
i2___ftsub@f1                 cstackCOMRAM 000015
i2___ftsub@f2                 cstackCOMRAM 000018
i2_reloadTimer0               text53       002B6A
int$flags                     temp         00005C
int_func                      intcode_body 001DDC
intlevel0                     text         000000
intlevel1                     text         000000
intlevel2                     text         000000
intlevel3                     text         000000
isdigit@c                     cstackCOMRAM 000026
lcd_gotoxy@address            cstackCOMRAM 000030
lcd_gotoxy@x                  cstackCOMRAM 00002F
lcd_gotoxy@y                  cstackCOMRAM 00002E
lcd_init@i                    cstackCOMRAM 00002E
lcd_putc@c                    cstackCOMRAM 000031
lcd_puts@s                    cstackCOMRAM 000032
lcd_send_byte@cm_data         cstackCOMRAM 00002D
lcd_send_byte@n               cstackCOMRAM 00002C
lcd_send_nibble@n             cstackCOMRAM 00002B
main@count                    cstackBANK0  0000D4
read_adc_raw_no_lib@channel   cstackCOMRAM 000028
read_adc_raw_no_lib@raw_value cstackCOMRAM 000029
read_adc_voltage@channel      cstackBANK0  000086
read_adc_voltage@raw_value    cstackBANK0  000087
read_adc_voltage@voltage      cstackBANK0  000083
scale@scl                     cstackBANK0  000086
sprintf@ap                    cstackBANK0  0000BB
sprintf@c                     cstackBANK0  0000D1
sprintf@cp                    cstackBANK0  0000B9
sprintf@eexp                  cstackBANK0  0000C6
sprintf@f                     cstackBANK0  0000A8
sprintf@flag                  cstackBANK0  0000C8
sprintf@fval                  cstackBANK0  0000CA
sprintf@len                   cstackBANK0  0000BC
sprintf@prec                  cstackBANK0  0000CF
sprintf@sp                    cstackBANK0  0000A6
sprintf@tmpval                cstackBANK0  0000BE
sprintf@val                   cstackBANK0  0000C2
sprintf@width                 cstackBANK0  0000CD
stackhi                       (abs)        000F7F
stacklo                       (abs)        0001E8
start                         init         00000E
start_initialization          cinit        002270
ttemp5                        temp         00005D
ttemp6                        temp         000060
ttemp7                        temp         000064
wtemp8                        temp         00005D


FUNCTION INFORMATION:

 *************** function _main *****************
 Defined at:
		line 452 in file "HW2.c"
 Parameters:    Size  Location     Type
		None
 Auto vars:     Size  Location     Type
  count           2   84[BANK0 ] int 
 Return value:  Size  Location     Type
                  1    wreg      void 
 Registers used:
		wreg, fsr1l, fsr1h, fsr2l, fsr2h, status,2, status,0, tblptrl, tblptrh, tblptru, prodl, prodh, cstack
 Tracked objects:
		On entry : 
		On exit  : 
		Unchanged: 
 Data sizes:     COMRAM   BANK0   BANK1   BANK2   BANK3   BANK4   BANK5   BANK6   BANK7   BANK8   BANK9  BANK10  BANK11  BANK12  BANK13  BANK14  BANK15
      Params:         0       0       0       0       0       0       0       0       0       0       0       0       0       0       0       0       0
      Locals:         0       2       0       0       0       0       0       0       0       0       0       0       0       0       0       0       0
      Temps:          0       0       0       0       0       0       0       0       0       0       0       0       0       0       0       0       0
      Totals:         0       2       0       0       0       0       0       0       0       0       0       0       0       0       0       0       0
Total ram usage:        2 bytes
 Hardware stack levels required when called:   11
 This function calls:
		___awtoft
		___ftadd
		___ftge
		___ftmul
		___ftsub
		___lwtoft
		_decrement10MinClock
		_decrement10SClock
		_decrementClock
		_decrementHourClock
		_decrementMinClock
		_delay_ms
		_display
		_increment10MinClock
		_increment10SClock
		_incrementClock
		_incrementHourClock
		_incrementMinClock
		_init_adc_no_lib
		_lcd_init
		_lcd_send_byte
		_read_adc_voltage
		_setupPorts
 This function is called by:
		Startup code after reset
 This function uses a non-reentrant model


 *************** function _setupPorts *****************
 Defined at:
		line 327 in file "HW2.c"
 Parameters:    Size  Location     Type
		None
 Auto vars:     Size  Location     Type
		None
 Return value:  Size  Location     Type
                  1    wreg      void 
 Registers used:
		wreg, status,2, cstack
 Tracked objects:
		On entry : 
		On exit  : 
		Unchanged: 
 Data sizes:     COMRAM   BANK0   BANK1   BANK2   BANK3   BANK4   BANK5   BANK6   BANK7   BANK8   BANK9  BANK10  BANK11  BANK12  BANK13  BANK14  BANK15
      Params:         0       0       0       0       0       0       0       0       0       0       0       0       0       0       0       0       0
      Locals:         0       0       0       0       0       0       0       0       0       0       0       0       0       0       0       0       0
      Temps:          0       0       0       0       0       0       0       0       0       0       0       0       0       0       0       0       0
      Totals:         0       0       0       0       0       0       0       0       0       0       0       0       0       0       0       0       0
Total ram usage:        0 bytes
 Hardware stack levels used:    1
 Hardware stack levels required when called:    5
 This function calls:
		_reloadTimer0
 This function is called by:
		_main
 This function uses a non-reentrant model


 *************** function _reloadTimer0 *****************
 Defined at:
		line 91 in file "HW2.c"
 Parameters:    Size  Location     Type
		None
 Auto vars:     Size  Location     Type
		None
 Return value:  Size  Location     Type
                  1    wreg      void 
 Registers used:
		wreg, status,2
 Tracked objects:
		On entry : 
		On exit  : 
		Unchanged: 
 Data sizes:     COMRAM   BANK0   BANK1   BANK2   BANK3   BANK4   BANK5   BANK6   BANK7   BANK8   BANK9  BANK10  BANK11  BANK12  BANK13  BANK14  BANK15
      Params:         0       0       0       0       0       0       0       0       0       0       0       0       0       0       0       0       0
      Locals:         0       0       0       0       0       0       0       0       0       0       0       0       0       0       0       0       0
      Temps:          0       0       0       0       0       0       0       0       0       0       0       0       0       0       0       0       0
      Totals:         0       0       0       0       0       0       0       0       0       0       0       0       0       0       0       0       0
Total ram usage:        0 bytes
 Hardware stack levels used:    1
 Hardware stack levels required when called:    4
 This function calls:
		Nothing
 This function is called by:
		_setupPorts
 This function uses a non-reentrant model


 *************** function _read_adc_voltage *****************
 Defined at:
		line 45 in file "my_adc.c"
 Parameters:    Size  Location     Type
  channel         1    wreg     unsigned char 
 Auto vars:     Size  Location     Type
  channel         1    6[BANK0 ] unsigned char 
  voltage         3    3[BANK0 ] float 
  raw_value       2    7[BANK0 ] int 
 Return value:  Size  Location     Type
                  3    0[BANK0 ] float 
 Registers used:
		wreg, status,2, status,0, prodl, prodh, cstack
 Tracked objects:
		On entry : 
		On exit  : 
		Unchanged: 
 Data sizes:     COMRAM   BANK0   BANK1   BANK2   BANK3   BANK4   BANK5   BANK6   BANK7   BANK8   BANK9  BANK10  BANK11  BANK12  BANK13  BANK14  BANK15
      Params:         0       3       0       0       0       0       0       0       0       0       0       0       0       0       0       0       0
      Locals:         0       6       0       0       0       0       0       0       0       0       0       0       0       0       0       0       0
      Temps:          0       0       0       0       0       0       0       0       0       0       0       0       0       0       0       0       0
      Totals:         0       9       0       0       0       0       0       0       0       0       0       0       0       0       0       0       0
Total ram usage:        9 bytes
 Hardware stack levels used:    1
 Hardware stack levels required when called:    6
 This function calls:
		___awtoft
		___ftdiv
		___wmul
		_read_adc_raw_no_lib
 This function is called by:
		_main
 This function uses a non-reentrant model


 *************** function _read_adc_raw_no_lib *****************
 Defined at:
		line 29 in file "my_adc.c"
 Parameters:    Size  Location     Type
  channel         1    wreg     unsigned char 
 Auto vars:     Size  Location     Type
  channel         1   39[COMRAM] unsigned char 
  raw_value       2   40[COMRAM] int 
 Return value:  Size  Location     Type
                  2   35[COMRAM] int 
 Registers used:
		wreg, status,2, status,0
 Tracked objects:
		On entry : 
		On exit  : 
		Unchanged: 
 Data sizes:     COMRAM   BANK0   BANK1   BANK2   BANK3   BANK4   BANK5   BANK6   BANK7   BANK8   BANK9  BANK10  BANK11  BANK12  BANK13  BANK14  BANK15
      Params:         2       0       0       0       0       0       0       0       0       0       0       0       0       0       0       0       0
      Locals:         3       0       0       0       0       0       0       0       0       0       0       0       0       0       0       0       0
      Temps:          2       0       0       0       0       0       0       0       0       0       0       0       0       0       0       0       0
      Totals:         7       0       0       0       0       0       0       0       0       0       0       0       0       0       0       0       0
Total ram usage:        7 bytes
 Hardware stack levels used:    1
 Hardware stack levels required when called:    4
 This function calls:
		Nothing
 This function is called by:
		_read_adc_voltage
 This function uses a non-reentrant model


 *************** function ___ftdiv *****************
 Defined at:
		line 54 in file "C:\Program Files\Microchip\xc8\v2.20\pic\sources\c90\common\ftdiv.c"
 Parameters:    Size  Location     Type
  f1              3   47[COMRAM] float 
  f2              3   50[COMRAM] float 
 Auto vars:     Size  Location     Type
  f3              3   57[COMRAM] float 
  sign            1   61[COMRAM] unsigned char 
  exp             1   60[COMRAM] unsigned char 
  cntr            1   56[COMRAM] unsigned char 
 Return value:  Size  Location     Type
                  3   47[COMRAM] float 
 Registers used:
		wreg, status,2, status,0, cstack
 Tracked objects:
		On entry : 
		On exit  : 
		Unchanged: 
 Data sizes:     COMRAM   BANK0   BANK1   BANK2   BANK3   BANK4   BANK5   BANK6   BANK7   BANK8   BANK9  BANK10  BANK11  BANK12  BANK13  BANK14  BANK15
      Params:         6       0       0       0       0       0       0       0       0       0       0       0       0       0       0       0       0
      Locals:         6       0       0       0       0       0       0       0       0       0       0       0       0       0       0       0       0
      Temps:          3       0       0       0       0       0       0       0       0       0       0       0       0       0       0       0       0
      Totals:        15       0       0       0       0       0       0       0       0       0       0       0       0       0       0       0       0
Total ram usage:       15 bytes
 Hardware stack levels used:    1
 Hardware stack levels required when called:    5
 This function calls:
		___ftpack
 This function is called by:
		_read_adc_voltage
 This function uses a non-reentrant model


 *************** function ___awtoft *****************
 Defined at:
		line 32 in file "C:\Program Files\Microchip\xc8\v2.20\pic\sources\c90\common\awtoft.c"
 Parameters:    Size  Location     Type
  c               2   43[COMRAM] int 
 Auto vars:     Size  Location     Type
  sign            1   46[COMRAM] unsigned char 
 Return value:  Size  Location     Type
                  3   43[COMRAM] float 
 Registers used:
		wreg, status,2, status,0, cstack
 Tracked objects:
		On entry : 
		On exit  : 
		Unchanged: 
 Data sizes:     COMRAM   BANK0   BANK1   BANK2   BANK3   BANK4   BANK5   BANK6   BANK7   BANK8   BANK9  BANK10  BANK11  BANK12  BANK13  BANK14  BANK15
      Params:         3       0       0       0       0       0       0       0       0       0       0       0       0       0       0       0       0
      Locals:         1       0       0       0       0       0       0       0       0       0       0       0       0       0       0       0       0
      Temps:          0       0       0       0       0       0       0       0       0       0       0       0       0       0       0       0       0
      Totals:         4       0       0       0       0       0       0       0       0       0       0       0       0       0       0       0       0
Total ram usage:        4 bytes
 Hardware stack levels used:    1
 Hardware stack levels required when called:    5
 This function calls:
		___ftpack
 This function is called by:
		_read_adc_voltage
		_main
 This function uses a non-reentrant model


 *************** function _lcd_init *****************
 Defined at:
		line 56 in file "lcd_x8.c"
 Parameters:    Size  Location     Type
		None
 Auto vars:     Size  Location     Type
  i               1   45[COMRAM] unsigned char 
 Return value:  Size  Location     Type
                  1    wreg      void 
 Registers used:
		wreg, fsr2l, fsr2h, status,2, status,0, cstack
 Tracked objects:
		On entry : 
		On exit  : 
		Unchanged: 
 Data sizes:     COMRAM   BANK0   BANK1   BANK2   BANK3   BANK4   BANK5   BANK6   BANK7   BANK8   BANK9  BANK10  BANK11  BANK12  BANK13  BANK14  BANK15
      Params:         0       0       0       0       0       0       0       0       0       0       0       0       0       0       0       0       0
      Locals:         1       0       0       0       0       0       0       0       0       0       0       0       0       0       0       0       0
      Temps:          0       0       0       0       0       0       0       0       0       0       0       0       0       0       0       0       0
      Totals:         1       0       0       0       0       0       0       0       0       0       0       0       0       0       0       0       0
Total ram usage:        1 bytes
 Hardware stack levels used:    1
 Hardware stack levels required when called:    7
 This function calls:
		_delay_ms
		_lcd_send_byte
		_lcd_send_nibble
 This function is called by:
		_main
 This function uses a non-reentrant model


 *************** function _init_adc_no_lib *****************
 Defined at:
		line 10 in file "my_adc.c"
 Parameters:    Size  Location     Type
		None
 Auto vars:     Size  Location     Type
		None
 Return value:  Size  Location     Type
                  1    wreg      void 
 Registers used:
		wreg, status,2
 Tracked objects:
		On entry : 
		On exit  : 
		Unchanged: 
 Data sizes:     COMRAM   BANK0   BANK1   BANK2   BANK3   BANK4   BANK5   BANK6   BANK7   BANK8   BANK9  BANK10  BANK11  BANK12  BANK13  BANK14  BANK15
      Params:         0       0       0       0       0       0       0       0       0       0       0       0       0       0       0       0       0
      Locals:         0       0       0       0       0       0       0       0       0       0       0       0       0       0       0       0       0
      Temps:          0       0       0       0       0       0       0       0       0       0       0       0       0       0       0       0       0
      Totals:         0       0       0       0       0       0       0       0       0       0       0       0       0       0       0       0       0
Total ram usage:        0 bytes
 Hardware stack levels used:    1
 Hardware stack levels required when called:    4
 This function calls:
		Nothing
 This function is called by:
		_main
 This function uses a non-reentrant model


 *************** function _incrementMinClock *****************
 Defined at:
		line 246 in file "HW2.c"
 Parameters:    Size  Location     Type
		None
 Auto vars:     Size  Location     Type
		None
 Return value:  Size  Location     Type
                  1    wreg      void 
 Registers used:
		wreg, status,2, status,0
 Tracked objects:
		On entry : 
		On exit  : 
		Unchanged: 
 Data sizes:     COMRAM   BANK0   BANK1   BANK2   BANK3   BANK4   BANK5   BANK6   BANK7   BANK8   BANK9  BANK10  BANK11  BANK12  BANK13  BANK14  BANK15
      Params:         0       0       0       0       0       0       0       0       0       0       0       0       0       0       0       0       0
      Locals:         0       0       0       0       0       0       0       0       0       0       0       0       0       0       0       0       0
      Temps:          0       0       0       0       0       0       0       0       0       0       0       0       0       0       0       0       0
      Totals:         0       0       0       0       0       0       0       0       0       0       0       0       0       0       0       0       0
Total ram usage:        0 bytes
 Hardware stack levels used:    1
 Hardware stack levels required when called:    4
 This function calls:
		Nothing
 This function is called by:
		_main
 This function uses a non-reentrant model


 *************** function _incrementHourClock *****************
 Defined at:
		line 312 in file "HW2.c"
 Parameters:    Size  Location     Type
		None
 Auto vars:     Size  Location     Type
		None
 Return value:  Size  Location     Type
                  1    wreg      void 
 Registers used:
		wreg, status,2, status,0
 Tracked objects:
		On entry : 
		On exit  : 
		Unchanged: 
 Data sizes:     COMRAM   BANK0   BANK1   BANK2   BANK3   BANK4   BANK5   BANK6   BANK7   BANK8   BANK9  BANK10  BANK11  BANK12  BANK13  BANK14  BANK15
      Params:         0       0       0       0       0       0       0       0       0       0       0       0       0       0       0       0       0
      Locals:         0       0       0       0       0       0       0       0       0       0       0       0       0       0       0       0       0
      Temps:          0       0       0       0       0       0       0       0       0       0       0       0       0       0       0       0       0
      Totals:         0       0       0       0       0       0       0       0       0       0       0       0       0       0       0       0       0
Total ram usage:        0 bytes
 Hardware stack levels used:    1
 Hardware stack levels required when called:    4
 This function calls:
		Nothing
 This function is called by:
		_main
 This function uses a non-reentrant model


 *************** function _incrementClock *****************
 Defined at:
		line 190 in file "HW2.c"
 Parameters:    Size  Location     Type
		None
 Auto vars:     Size  Location     Type
		None
 Return value:  Size  Location     Type
                  1    wreg      void 
 Registers used:
		wreg, status,2, status,0
 Tracked objects:
		On entry : 
		On exit  : 
		Unchanged: 
 Data sizes:     COMRAM   BANK0   BANK1   BANK2   BANK3   BANK4   BANK5   BANK6   BANK7   BANK8   BANK9  BANK10  BANK11  BANK12  BANK13  BANK14  BANK15
      Params:         0       0       0       0       0       0       0       0       0       0       0       0       0       0       0       0       0
      Locals:         0       0       0       0       0       0       0       0       0       0       0       0       0       0       0       0       0
      Temps:          0       0       0       0       0       0       0       0       0       0       0       0       0       0       0       0       0
      Totals:         0       0       0       0       0       0       0       0       0       0       0       0       0       0       0       0       0
Total ram usage:        0 bytes
 Hardware stack levels used:    1
 Hardware stack levels required when called:    4
 This function calls:
		Nothing
 This function is called by:
		_main
 This function uses a non-reentrant model


 *************** function _increment10SClock *****************
 Defined at:
		line 214 in file "HW2.c"
 Parameters:    Size  Location     Type
		None
 Auto vars:     Size  Location     Type
		None
 Return value:  Size  Location     Type
                  1    wreg      void 
 Registers used:
		wreg, status,2, status,0
 Tracked objects:
		On entry : 
		On exit  : 
		Unchanged: 
 Data sizes:     COMRAM   BANK0   BANK1   BANK2   BANK3   BANK4   BANK5   BANK6   BANK7   BANK8   BANK9  BANK10  BANK11  BANK12  BANK13  BANK14  BANK15
      Params:         0       0       0       0       0       0       0       0       0       0       0       0       0       0       0       0       0
      Locals:         0       0       0       0       0       0       0       0       0       0       0       0       0       0       0       0       0
      Temps:          0       0       0       0       0       0       0       0       0       0       0       0       0       0       0       0       0
      Totals:         0       0       0       0       0       0       0       0       0       0       0       0       0       0       0       0       0
Total ram usage:        0 bytes
 Hardware stack levels used:    1
 Hardware stack levels required when called:    4
 This function calls:
		Nothing
 This function is called by:
		_main
 This function uses a non-reentrant model


 *************** function _increment10MinClock *****************
 Defined at:
		line 279 in file "HW2.c"
 Parameters:    Size  Location     Type
		None
 Auto vars:     Size  Location     Type
		None
 Return value:  Size  Location     Type
                  1    wreg      void 
 Registers used:
		wreg, status,2, status,0
 Tracked objects:
		On entry : 
		On exit  : 
		Unchanged: 
 Data sizes:     COMRAM   BANK0   BANK1   BANK2   BANK3   BANK4   BANK5   BANK6   BANK7   BANK8   BANK9  BANK10  BANK11  BANK12  BANK13  BANK14  BANK15
      Params:         0       0       0       0       0       0       0       0       0       0       0       0       0       0       0       0       0
      Locals:         0       0       0       0       0       0       0       0       0       0       0       0       0       0       0       0       0
      Temps:          0       0       0       0       0       0       0       0       0       0       0       0       0       0       0       0       0
      Totals:         0       0       0       0       0       0       0       0       0       0       0       0       0       0       0       0       0
Total ram usage:        0 bytes
 Hardware stack levels used:    1
 Hardware stack levels required when called:    4
 This function calls:
		Nothing
 This function is called by:
		_main
 This function uses a non-reentrant model


 *************** function _display *****************
 Defined at:
		line 355 in file "HW2.c"
 Parameters:    Size  Location     Type
		None
 Auto vars:     Size  Location     Type
  LCDP           64   64[BANK1 ] unsigned char [64]
  LCD            64    0[BANK1 ] unsigned char [64]
  Buffer2        32  192[BANK1 ] unsigned char [32]
  Buffer1        32  160[BANK1 ] unsigned char [32]
  Buffer         32  128[BANK1 ] unsigned char [32]
  H               1    0        unsigned char 
  C               1    0        unsigned char 
 Return value:  Size  Location     Type
                  1    wreg      void 
 Registers used:
		wreg, fsr1l, fsr1h, fsr2l, fsr2h, status,2, status,0, tblptrl, tblptrh, tblptru, prodl, prodh, cstack
 Tracked objects:
		On entry : 
		On exit  : 
		Unchanged: 
 Data sizes:     COMRAM   BANK0   BANK1   BANK2   BANK3   BANK4   BANK5   BANK6   BANK7   BANK8   BANK9  BANK10  BANK11  BANK12  BANK13  BANK14  BANK15
      Params:         0       0       0       0       0       0       0       0       0       0       0       0       0       0       0       0       0
      Locals:         0       0     225       0       0       0       0       0       0       0       0       0       0       0       0       0       0
      Temps:          0       2       0       0       0       0       0       0       0       0       0       0       0       0       0       0       0
      Totals:         0       2     225       0       0       0       0       0       0       0       0       0       0       0       0       0       0
Total ram usage:      227 bytes
 Hardware stack levels used:    1
 Hardware stack levels required when called:   10
 This function calls:
		_lcd_gotoxy
		_lcd_puts
		_sprintf
 This function is called by:
		_main
 This function uses a non-reentrant model


 *************** function _sprintf *****************
 Defined at:
		line 505 in file "C:\Program Files\Microchip\xc8\v2.20\pic\sources\c90\common\doprnt.c"
 Parameters:    Size  Location     Type
  sp              2   38[BANK0 ] PTR unsigned char 
		 -> display@LCD(64), display@Buffer(32), display@LCDP(64), display@Buffer2(32), 
		 -> display@Buffer1(32), 
  f               2   40[BANK0 ] PTR const unsigned char 
		 -> STR_17(10), STR_16(11), STR_15(14), STR_14(22), 
		 -> STR_13(12), STR_12(15), STR_11(16), STR_10(19), 
[...]
 Hardware stack levels required when called:    4
 This function calls:
		Nothing
 This function is called by:
		___awtoft
		___ftadd
		___ftdiv
		___ftmul
		___lltoft
		___lwtoft
 This function uses a non-reentrant model


 *************** function _highIsr *****************
 Defined at:
		line 137 in file "HW2.c"
 Parameters:    Size  Location     Type
		None
 Auto vars:     Size  Location     Type
		None
 Return value:  Size  Location     Type
                  1    wreg      void 
 Registers used:
		wreg, status,2, status,0, cstack
 Tracked objects:
		On entry : 
		On exit  : 
		Unchanged: 
 Data sizes:     COMRAM   BANK0   BANK1   BANK2   BANK3   BANK4   BANK5   BANK6   BANK7   BANK8   BANK9  BANK10  BANK11  BANK12  BANK13  BANK14  BANK15
      Params:         0       0       0       0       0       0       0       0       0       0       0       0       0       0       0       0       0
      Locals:         0       0       0       0       0       0       0       0       0       0       0       0       0       0       0       0       0
      Temps:          0       0       0       0       0       0       0       0       0       0       0       0       0       0       0       0       0
      Totals:         0       0       0       0       0       0       0       0       0       0       0       0       0       0       0       0       0
Total ram usage:        0 bytes
 Hardware stack levels used:    1
 Hardware stack levels required when called:    3
 This function calls:
		_EXT_Int0_isr
		_EXT_Int1_isr
		_clockNormalMode
		i2___ftadd
		i2___ftge
		i2___ftsub
		i2_reloadTimer0
 This function is called by:
		Interrupt level 2
 This function uses a non-reentrant model


 *************** function i2___ftsub *****************
 Defined at:
		line 19 in file "C:\Program Files\Microchip\xc8\v2.20\pic\sources\c90\common\ftsub.c"
 Parameters:    Size  Location     Type
  f1              3   20[COMRAM] float 
  f2              3   23[COMRAM] float 
 Auto vars:     Size  Location     Type
		None
 Return value:  Size  Location     Type
                  3   20[COMRAM] float 
 Registers used:
		wreg, status,2, status,0, cstack
 Tracked objects:
		On entry : 
		On exit  : 
		Unchanged: 
 Data sizes:     COMRAM   BANK0   BANK1   BANK2   BANK3   BANK4   BANK5   BANK6   BANK7   BANK8   BANK9  BANK10  BANK11  BANK12  BANK13  BANK14  BANK15
      Params:         6       0       0       0       0       0       0       0       0       0       0       0       0       0       0       0       0
      Locals:         0       0       0       0       0       0       0       0       0       0       0       0       0       0       0       0       0
      Temps:          0       0       0       0       0       0       0       0       0       0       0       0       0       0       0       0       0
      Totals:         6       0       0       0       0       0       0       0       0       0       0       0       0       0       0       0       0
Total ram usage:        6 bytes
 Hardware stack levels used:    1
 Hardware stack levels required when called:    2
 This function calls:
		i2___ftadd
 This function is called by:
		_highIsr
 This function uses a non-reentrant model


 *************** function i2___ftge *****************
 Defined at:
		line 4 in file "C:\Program Files\Microchip\xc8\v2.20\pic\sources\c90\common\ftge.c"
 Parameters:    Size  Location     Type
  ff1             3   26[COMRAM] float 
  ff2             3   29[COMRAM] float 
 Auto vars:     Size  Location     Type
		None
 Return value:  Size  Location     Type
		None               void
 Registers used:
		wreg, status,2, status,0
 Tracked objects:
		On entry : 
		On exit  : 
		Unchanged: 
 Data sizes:     COMRAM   BANK0   BANK1   BANK2   BANK3   BANK4   BANK5   BANK6   BANK7   BANK8   BANK9  BANK10  BANK11  BANK12  BANK13  BANK14  BANK15
      Params:         6       0       0       0       0       0       0       0       0       0       0       0       0       0       0       0       0
      Locals:         0       0       0       0       0       0       0       0       0       0       0       0       0       0       0       0       0
      Temps:          3       0       0       0       0       0       0       0       0       0       0       0       0       0       0       0       0
      Totals:         9       0       0       0       0       0       0       0       0       0       0       0       0       0       0       0       0
Total ram usage:        9 bytes
 Hardware stack levels used:    1
 This function calls:
		Nothing
 This function is called by:
		_highIsr
 This function uses a non-reentrant model


 *************** function _clockNormalMode *****************
 Defined at:
		line 172 in file "HW2.c"
 Parameters:    Size  Location     Type
		None
 Auto vars:     Size  Location     Type
		None
 Return value:  Size  Location     Type
                  1    wreg      void 
 Registers used:
		wreg, status,2, status,0, cstack
 Tracked objects:
		On entry : 
		On exit  : 
		Unchanged: 
 Data sizes:     COMRAM   BANK0   BANK1   BANK2   BANK3   BANK4   BANK5   BANK6   BANK7   BANK8   BANK9  BANK10  BANK11  BANK12  BANK13  BANK14  BANK15
      Params:         0       0       0       0       0       0       0       0       0       0       0       0       0       0       0       0       0
      Locals:         0       0       0       0       0       0       0       0       0       0       0       0       0       0       0       0       0
      Temps:          0       0       0       0       0       0       0       0       0       0       0       0       0       0       0       0       0
      Totals:         0       0       0       0       0       0       0       0       0       0       0       0       0       0       0       0       0
Total ram usage:        0 bytes
 Hardware stack levels used:    1
 Hardware stack levels required when called:    1
 This function calls:
		i2_reloadTimer0
 This function is called by:
		_highIsr
 This function uses a non-reentrant model


 *************** function i2_reloadTimer0 *****************
 Defined at:
		line 91 in file "HW2.c"
 Parameters:    Size  Location     Type
		None
 Auto vars:     Size  Location     Type
		None
 Return value:  Size  Location     Type
                  1    wreg      void 
 Registers used:
		wreg, status,2
 Tracked objects:
		On entry : 
		On exit  : 
		Unchanged: 
 Data sizes:     COMRAM   BANK0   BANK1   BANK2   BANK3   BANK4   BANK5   BANK6   BANK7   BANK8   BANK9  BANK10  BANK11  BANK12  BANK13  BANK14  BANK15
      Params:         0       0       0       0       0       0       0       0       0       0       0       0       0       0       0       0       0
      Locals:         0       0       0       0       0       0       0       0       0       0       0       0       0       0       0       0       0
      Temps:          0       0       0       0       0       0       0       0       0       0       0       0       0       0       0       0       0
      Totals:         0       0       0       0       0       0       0       0       0       0       0       0       0       0       0       0       0
Total ram usage:        0 bytes
 Hardware stack levels used:    1
 This function calls:
		Nothing
 This function is called by:
		_highIsr
		_clockNormalMode
 This function uses a non-reentrant model


 *************** function _EXT_Int1_isr *****************
 Defined at:
		line 121 in file "HW2.c"
 Parameters:    Size  Location     Type
		None
 Auto vars:     Size  Location     Type
		None
 Return value:  Size  Location     Type
                  1    wreg      void 
 Registers used:
		wreg, status,2, status,0, cstack
 Tracked objects:
		On entry : 
		On exit  : 
		Unchanged: 
 Data sizes:     COMRAM   BANK0   BANK1   BANK2   BANK3   BANK4   BANK5   BANK6   BANK7   BANK8   BANK9  BANK10  BANK11  BANK12  BANK13  BANK14  BANK15
      Params:         0       0       0       0       0       0       0       0       0       0       0       0       0       0       0       0       0
      Locals:         0       0       0       0       0       0       0       0       0       0       0       0       0       0       0       0       0
      Temps:          0       0       0       0       0       0       0       0       0       0       0       0       0       0       0       0       0
      Totals:         0       0       0       0       0       0       0       0       0       0       0       0       0       0       0       0       0
Total ram usage:        0 bytes
 Hardware stack levels used:    1
 Hardware stack levels required when called:    2
 This function calls:
		i2___ftadd
 This function is called by:
		_highIsr
 This function uses a non-reentrant model


 *************** function i2___ftadd *****************
 Defined at:
		line 86 in file "C:\Program Files\Microchip\xc8\v2.20\pic\sources\c90\common\ftadd.c"
 Parameters:    Size  Location     Type
  f1              3    8[COMRAM] float 
  f2              3   11[COMRAM] float 
 Auto vars:     Size  Location     Type
  exp1            1   19[COMRAM] unsigned char 
  exp2            1   18[COMRAM] unsigned char 
  sign            1   17[COMRAM] unsigned char 
 Return value:  Size  Location     Type
                  3    8[COMRAM] float 
 Registers used:
		wreg, status,2, status,0, cstack
 Tracked objects:
		On entry : 
		On exit  : 
		Unchanged: 
 Data sizes:     COMRAM   BANK0   BANK1   BANK2   BANK3   BANK4   BANK5   BANK6   BANK7   BANK8   BANK9  BANK10  BANK11  BANK12  BANK13  BANK14  BANK15
      Params:         6       0       0       0       0       0       0       0       0       0       0       0       0       0       0       0       0
      Locals:         3       0       0       0       0       0       0       0       0       0       0       0       0       0       0       0       0
      Temps:          3       0       0       0       0       0       0       0       0       0       0       0       0       0       0       0       0
      Totals:        12       0       0       0       0       0       0       0       0       0       0       0       0       0       0       0       0
Total ram usage:       12 bytes
 Hardware stack levels used:    1
 Hardware stack levels required when called:    1
 This function calls:
		i2___ftpack
 This function is called by:
		_EXT_Int1_isr
		_highIsr
		i2___ftsub
 This function uses a non-reentrant model


 *************** function i2___ftpack *****************
 Defined at:
		line 62 in file "C:\Program Files\Microchip\xc8\v2.20\pic\sources\c90\common\float.c"
 Parameters:    Size  Location     Type
  arg             3    0[COMRAM] unsigned um
  exp             1    3[COMRAM] unsigned char 
  sign            1    4[COMRAM] unsigned char 
 Auto vars:     Size  Location     Type
		None
 Return value:  Size  Location     Type
                  3    0[COMRAM] float 
 Registers used:
		wreg, status,2, status,0
 Tracked objects:
		On entry : 
		On exit  : 
		Unchanged: 
 Data sizes:     COMRAM   BANK0   BANK1   BANK2   BANK3   BANK4   BANK5   BANK6   BANK7   BANK8   BANK9  BANK10  BANK11  BANK12  BANK13  BANK14  BANK15
      Params:         5       0       0       0       0       0       0       0       0       0       0       0       0       0       0       0       0
      Locals:         0       0       0       0       0       0       0       0       0       0       0       0       0       0       0       0       0
      Temps:          3       0       0       0       0       0       0       0       0       0       0       0       0       0       0       0       0
      Totals:         8       0       0       0       0       0       0       0       0       0       0       0       0       0       0       0       0
Total ram usage:        8 bytes
 Hardware stack levels used:    1
 This function calls:
		Nothing
 This function is called by:
		i2___ftadd
 This function uses a non-reentrant model


 *************** function _EXT_Int0_isr *****************
 Defined at:
		line 107 in file "HW2.c"
 Parameters:    Size  Location     Type
		None
 Auto vars:     Size  Location     Type
		None
 Return value:  Size  Location     Type
                  1    wreg      void 
 Registers used:
		wreg, status,2, status,0
 Tracked objects:
		On entry : 
		On exit  : 
		Unchanged: 
 Data sizes:     COMRAM   BANK0   BANK1   BANK2   BANK3   BANK4   BANK5   BANK6   BANK7   BANK8   BANK9  BANK10  BANK11  BANK12  BANK13  BANK14  BANK15
      Params:         0       0       0       0       0       0       0       0       0       0       0       0       0       0       0       0       0
      Locals:         0       0       0       0       0       0       0       0       0       0       0       0       0       0       0       0       0
      Temps:          0       0       0       0       0       0       0       0       0       0       0       0       0       0       0       0       0
      Totals:         0       0       0       0       0       0       0       0       0       0       0       0       0       0       0       0       0
Total ram usage:        0 bytes
 Hardware stack levels used:    1
 This function calls:
		Nothing
 This function is called by:
		_highIsr
 This function uses a non-reentrant model



MODULE INFORMATION

Module		Function		Class		Link	Load	Size
C:\Program Files\Microchip\xc8\v2.20\pic\sources\c90\common\lbmod.c
		___lbmod       		CODE           	29EE	0000	43

C:\Program Files\Microchip\xc8\v2.20\pic\sources\c90\common\lbmod.c estimated size: 43

C:\Program Files\Microchip\xc8\v2.20\pic\sources\c90\common\ftadd.c
		___ftadd       		CODE           	15E8	0000	427

C:\Program Files\Microchip\xc8\v2.20\pic\sources\c90\common\ftadd.c estimated size: 427

C:\Program Files\Microchip\xc8\v2.20\pic\sources\c90\common\fldivl.c
		__div_to_l_    		CODE           	1B2C	0000	245

C:\Program Files\Microchip\xc8\v2.20\pic\sources\c90\common\fldivl.c estimated size: 245

C:\Program Files\Microchip\xc8\v2.20\pic\sources\c90\common\__lldiv.c
		___lldiv       		CODE           	2104	0000	131

C:\Program Files\Microchip\xc8\v2.20\pic\sources\c90\common\__lldiv.c estimated size: 131

C:\Program Files\Microchip\xc8\v2.20\pic\sources\c90\common\awtoft.c
		___awtoft      		CODE           	2988	0000	57

C:\Program Files\Microchip\xc8\v2.20\pic\sources\c90\common\awtoft.c estimated size: 57

C:\Program Files\Microchip\xc8\v2.20\pic\sources\c90\common\isdigit.c
		_isdigit       		CODE           	2AF2	0000	31

C:\Program Files\Microchip\xc8\v2.20\pic\sources\c90\common\isdigit.c estimated size: 31

C:\Program Files\Microchip\xc8\v2.20\pic\sources\c90\common\ftneg.c
		___ftneg       		CODE           	2A64	0000	37

C:\Program Files\Microchip\xc8\v2.20\pic\sources\c90\common\ftneg.c estimated size: 37

C:\Program Files\Microchip\xc8\v2.20\pic\sources\c90\common\ftsub.c
		___ftsub       		CODE           	27A0	0000	67

C:\Program Files\Microchip\xc8\v2.20\pic\sources\c90\common\ftsub.c estimated size: 67

C:\Program Files\Microchip\xc8\v2.20\pic\sources\c90\common\float.c
		___ftpack      		CODE           	1E9A	0000	175

C:\Program Files\Microchip\xc8\v2.20\pic\sources\c90\common\float.c estimated size: 175

my_adc.c
		_init_adc_no_lib		CODE           	2B48	0000	13
		_read_adc_raw_no_lib		CODE           	28A0	0000	59
		_read_adc_voltage		CODE           	2350	0000	107

my_adc.c estimated size: 179

C:\Program Files\Microchip\xc8\v2.20\pic\sources\c90\common\lbdiv.c
		___lbdiv       		CODE           	28DA	0000	59

C:\Program Files\Microchip\xc8\v2.20\pic\sources\c90\common\lbdiv.c estimated size: 59

C:\Program Files\Microchip\xc8\v2.20\pic\sources\c90\common\lwtoft.c
		___lwtoft      		CODE           	2AAC	0000	37

C:\Program Files\Microchip\xc8\v2.20\pic\sources\c90\common\lwtoft.c estimated size: 37

C:\Program Files\Microchip\xc8\v2.20\pic\sources\c90\common\lltoft.c
		___lltoft      		CODE           	247E	0000	93

C:\Program Files\Microchip\xc8\v2.20\pic\sources\c90\common\lltoft.c estimated size: 93

C:\Program Files\Microchip\xc8\v2.20\pic\sources\c90\common\ftmul.c
		___ftmul       		CODE           	1A38	0000	245

C:\Program Files\Microchip\xc8\v2.20\pic\sources\c90\common\ftmul.c estimated size: 245

C:\Program Files\Microchip\xc8\v2.20\pic\sources\c90\common\doprnt.c
		_scale         		CODE           	0B50	0000	887
		_sprintf       		CODE           	0012	0000	2879
		_fround        		CODE           	13F2	0000	503

C:\Program Files\Microchip\xc8\v2.20\pic\sources\c90\common\doprnt.c estimated size: 4269

C:\Program Files\Microchip\xc8\v2.20\pic\sources\c90\common\awmod.c
		___awmod       		CODE           	22E0	0000	113

C:\Program Files\Microchip\xc8\v2.20\pic\sources\c90\common\awmod.c estimated size: 113

shared
		i2___ftadd     		CODE           	1792	0000	425
		__powers_      		MEDIUMCONST    	FEE5	0000	40
		_dpowers       		MEDIUMCONST    	FF33	0000	41
		i2___ftge      		CODE           	21FC	0000	117
		__npowers_     		MEDIUMCONST    	FF0C	0000	40
		i2___ftpack    		CODE           	1F48	0000	175
		__initialization		CODE           	2270	0000	99
		i2___ftsub     		CODE           	2824	0000	65
		i2_reloadTimer0		CODE           	2B6A	0000	11

shared estimated size: 1013

HW2.c
		_decrementClock		CODE           	2632	0000	79
		_display       		CODE           	119E	0000	597
		_increment10SClock		CODE           	2420	0000	95
		_incrementMinClock		CODE           	275A	0000	71
		_decrementHourClock		CODE           	2B74	0000	9
		_incrementClock		CODE           	24DA	0000	91
		_main          		CODE           	0EC6	0000	729
		_highIsr       		CODE           	0008	0000	197
		_incrementHourClock		CODE           	2B2E	0000	27
		_reloadTimer0  		CODE           	2B60	0000	11
		_decrement10MinClock		CODE           	2864	0000	61
		_setupPorts    		CODE           	26CA	0000	73
		_EXT_Int0_isr  		CODE           	2B10	0000	31
		_EXT_Int1_isr  		CODE           	2680	0000	75
		_delay_ms      		CODE           	2A3E	0000	39
		_clockNormalMode		CODE           	1FF6	0000	139
		_increment10MinClock		CODE           	25E4	0000	79
		_decrement10SClock		CODE           	2534	0000	91
		_decrementMinClock		CODE           	294E	0000	59

HW2.c estimated size: 2553

C:\Program Files\Microchip\xc8\v2.20\pic\sources\c90\common\ftdiv.c
		___ftdiv       		CODE           	1C20	0000	231

C:\Program Files\Microchip\xc8\v2.20\pic\sources\c90\common\ftdiv.c estimated size: 231

C:\Program Files\Microchip\xc8\v2.20\pic\sources\c90\common\llmod.c
		___llmod       		CODE           	23BA	0000	103

C:\Program Files\Microchip\xc8\v2.20\pic\sources\c90\common\llmod.c estimated size: 103

C:\Program Files\Microchip\xc8\v2.20\pic\sources\c90\common\Umul16.c
		___wmul        		CODE           	2A18	0000	39

C:\Program Files\Microchip\xc8\v2.20\pic\sources\c90\common\Umul16.c estimated size: 39

C:\Program Files\Microchip\xc8\v2.20\pic\sources\c90\common\ftge.c
		___ftge        		CODE           	2186	0000	119

C:\Program Files\Microchip\xc8\v2.20\pic\sources\c90\common\ftge.c estimated size: 119

lcd_x8.c
		_lcd_putc      		CODE           	258E	0000	87
		_lcd_puts      		CODE           	2A88	0000	37
		_lcd_send_byte 		CODE           	2914	0000	59
		_lcd_gotoxy    		CODE           	27E2	0000	67
		_lcd_send_nibble		CODE           	2AD0	0000	35
		_lcd_init      		CODE           	2712	0000	73
		_delay_cycles  		CODE           	29C0	0000	47

lcd_x8.c estimated size: 405

C:\Program Files\Microchip\xc8\v2.20\pic\sources\c90\common\ftdivl.c
		__tdiv_to_l_   		CODE           	193A	0000	255

C:\Program Files\Microchip\xc8\v2.20\pic\sources\c90\common\ftdivl.c estimated size: 255

C:\Program Files\Microchip\xc8\v2.20\pic\sources\c90\common\fttol.c
		___fttol       		CODE           	1D06	0000	215

C:\Program Files\Microchip\xc8\v2.20\pic\sources\c90\common\fttol.c estimated size: 215

C:\Program Files\Microchip\xc8\v2.20\pic\sources\c90\common\awdiv.c
		___awdiv       		CODE           	2080	0000	133

C:\Program Files\Microchip\xc8\v2.20\pic\sources\c90\common\awdiv.c estimated size: 133

